// Jest Snapshot v1, https://goo.gl/fbAQLP

exports[`PokemonDetails snapshot 1`] = `
<div class="pokemon-details">
  <div class="id"><span class="symbol">#</span> <span class="number">46</span></div>
  <div class="name">paras</div>
  <div class="types">
    <div class="type">bug</div>
    <div class="type">grass</div>
  </div>
  <div data-stub-base-image="" src="https://raw.githubusercontent.com/PokeAPI/sprites/master/sprites/pokemon/46.png" alt="Pokemon 46" class="preview"></div>
  <button class="toggle-favorite">
    Toggle favorite
  </button>
</div>
`;

exports[`PokemonDetails snapshot: pokemon not found 1`] = `
<div class="pokemon-details">
  <div class="empty">Pokemon not found</div>
</div>
`;
